<<<<<<<<<<< typescript <<<<<<<<<<<<
/** @model */
type StringArray = string[];
===================================
// array-type.ts
alias StringArray = string[];
>>>>>>>>>>> typespec >>>>>>>>>>>>>>