
<<<<<<<<<<< typescript <<<<<<<<<<<<
/** @model */
type Direction = "north" | "south" | "east" | "west";
type HttpStatus = 200 | 404 | 500;
===================================
// literal-types.ts
alias Direction = "north" | "south" | "east" | "west";
>>>>>>>>>>> typespec >>>>>>>>>>>>>>