
<<<<<<<<<<< typescript <<<<<<<<<<<<
/** @model */
type SimpleType = string;
===================================
// simple-type.ts
alias SimpleType = string;
>>>>>>>>>>> typespec >>>>>>>>>>>>>>